
Allocating common symbols
Common symbol       size              file

ReqDatalen          0x1               BOOT_UART.o
RxBuffer            0xff              BOOT_UART.o

Memory Configuration

Name             Origin             Length             Attributes
BOOT_FLASH       0x00007000         0x00001000         xr
SRAM             0x00000060         0x00000800         xrw
*default*        0x00000000         0xffffffff

Linker script and memory map

LOAD atmega32_boot_startup.o
LOAD atmega32_boot_main.o
LOAD BOOT_UART.o
LOAD EEPROM.o

.text           0x00007000      0x4f0
 *(.boot_ivt)
 .boot_ivt      0x00007000       0x54 atmega32_boot_startup.o
                0x00007000                BOOT_IVT
 *(.text)
 .text          0x00007054       0xa2 atmega32_boot_startup.o
                0x00007068                RESET
                0x00007054                SPM_RDY
                0x00007054                EXT_INT1
                0x00007054                TIM1_CAPT
                0x00007054                TIM1_COMPB
                0x00007054                TIM2_OVF
                0x00007054                TIM0_COMP
                0x00007054                SPI_STC
                0x00007054                ANA_COMP
                0x00007054                TIM1_COMPA
                0x00007054                EXT_INT2
                0x00007054                Default_Handler
                0x00007054                TIM0_OVF
                0x00007054                ADC_INT
                0x00007054                TIM1_OVF
                0x00007054                TIM2_COMP
                0x00007054                EE_RDY
                0x00007054                EXT_INT0
                0x00007054                USART_TXC
                0x00007054                USART_UDRE
                0x00007054                TWI
 .text          0x000070f6      0x2d4 atmega32_boot_main.o
                0x00007110                PacketHandler
                0x0000720e                BOOT_MAIN
                0x0000712c                flashingApp
                0x000070f6                IVTSectionSel
                0x000071c2                CheckAppCRC
 .text          0x000073ca       0xf6 BOOT_UART.o
                0x000073ea                USART_RXC
                0x000073ca                UART_Init
                0x000073e2                UART_SendChar
 .text          0x000074c0       0x30 EEPROM.o
                0x000074d6                EEPROM_Update_Byte
                0x000074c0                EEPROM_Read_Byte
 *(.rodata)
                0x000074f0                _etext = .

.trampolines    0x000074f0        0x0
 .trampolines   0x000074f0        0x0 linker stubs

.data           0x00000060      0x100 load address 0x000074f0
                0x00000060                _sdata = .
 *(.data)
 .data          0x00000060        0x0 atmega32_boot_startup.o
 .data          0x00000060        0x0 atmega32_boot_main.o
 .data          0x00000060        0x0 BOOT_UART.o
 .data          0x00000060        0x0 EEPROM.o
 *(COMMON)
 COMMON         0x00000060      0x100 BOOT_UART.o
                0x00000060                ReqDatalen
                0x00000061                RxBuffer
                0x00000160                _edata = .

.bss            0x00000160        0xb
                0x00000160                _sbss = .
 *(.bss)
 .bss           0x00000160        0x0 atmega32_boot_startup.o
 .bss           0x00000160        0x9 atmega32_boot_main.o
 .bss           0x00000169        0x2 BOOT_UART.o
 .bss           0x0000016b        0x0 EEPROM.o
                0x0000016b                _ebss = .
OUTPUT(BOOT_APP.elf elf32-avr)
LOAD linker stubs
